cargo :     Finished `dev` 
profile [unoptimized + 
debuginfo] target(s) in 0.16s
At line:1 char:1
+ cargo check -p pulse_core > 
build_output.txt 2>&1
+ ~~~~~~~~~~~~~~~~~~~~~~~~~~~~~~~
~~~~~~~~~~~~~~~~~~
    + CategoryInfo          : No 
   tSpecified: (    Finished `d  
  ...get(s) in 0.16s:String) [   
 ], RemoteException
    + FullyQualifiedErrorId : Na 
   tiveCommandError
 
