cargo : warning: unused import: `std::thread`
At line:1 char:1
+ cargo check -p pulse_runtime > errors.txt 2>&1
+ ~~~~~~~~~~~~~~~~~~~~~~~~~~~~~~~~~~~~~~~~~~~~~~
    + CategoryInfo          : NotSpecified: (warning: unused import: `std::thread`:String) [], RemoteE 
   xception
    + FullyQualifiedErrorId : NativeCommandError
 
 --> pulse_stdlib\src\utils.rs:6:5
  |
6 | use std::thread;
  |     ^^^^^^^^^^^
  |
  = note: `#[warn(unused_imports)]` (part of `#[warn(unused)]`) on by default

warning: unused variable: `regex`
  --> pulse_stdlib\src\regex.rs:32:12
   |
32 |         Ok(regex) => {
   |            ^^^^^ help: if this is intentional, prefix it with an underscore: `_regex`
   |
   = note: `#[warn(unused_variables)]` (part of `#[warn(unused)]`) on by default

warning: `pulse_stdlib` (lib) generated 2 warnings (run `cargo fix --lib -p pulse_stdlib` to apply 2 
suggestions)
warning: unused import: `pulse_core::Value`
 --> pulse_vm\src\heap.rs:2:5
  |
2 | use pulse_core::Value;
  |     ^^^^^^^^^^^^^^^^^
  |
  = note: `#[warn(unused_imports)]` (part of `#[warn(unused)]`) on by default

warning: unused variable: `sm`
    --> pulse_vm\src\vm.rs:1957:46
     |
1957 |                         Object::SharedMemory(sm) => "SharedMemory".to_string(),
     |                                              ^^ help: if this is intentional, prefix it with an 
underscore: `_sm`
     |
     = note: `#[warn(unused_variables)]` (part of `#[warn(unused)]`) on by default

warning: unused variable: `path`
    --> pulse_vm\src\vm.rs:2020:26
     |
2020 |              if let Some(path) = &frame.module_path {
     |                          ^^^^ help: if this is intentional, prefix it with an underscore: 
`_path`

warning: unused variable: `freed`
    --> pulse_vm\src\vm.rs:2061:13
     |
2061 |         let freed = self.heap.sweep();
     |             ^^^^^ help: if this is intentional, prefix it with an underscore: `_freed`

warning: `pulse_vm` (lib) generated 4 warnings (run `cargo fix --lib -p pulse_vm` to apply 4 
suggestions)
    Checking pulse_runtime v0.1.0 (C:\Users\Kuntal\Documents\Pulse\pulse_lang\pulse_runtime)
error[E0425]: cannot find type `HashMap` in this scope
  --> pulse_runtime\src\runtime.rs:27:20
   |
27 |     actors: RwLock<HashMap<ActorId, mpsc::UnboundedSender<Message>>>,
   |                    ^^^^^^^ not found in this scope
   |
help: consider importing this struct
   |
 2 + use std::collections::HashMap;
   |

error[E0425]: cannot find type `HashMap` in this scope
  --> pulse_runtime\src\runtime.rs:30:22
   |
30 |     registry: RwLock<HashMap<String, ActorId>>,
   |                      ^^^^^^^ not found in this scope
   |
help: consider importing this struct
   |
 2 + use std::collections::HashMap;
   |

error[E0425]: cannot find type `HashMap` in this scope
  --> pulse_runtime\src\runtime.rs:32:19
   |
32 |     peers: RwLock<HashMap<u64, mpsc::UnboundedSender<MessageEnvelope>>>,
   |                   ^^^^^^^ not found in this scope
   |
help: consider importing this struct
   |
 2 + use std::collections::HashMap;
   |

error[E0433]: failed to resolve: use of undeclared type `HashMap`
  --> pulse_runtime\src\runtime.rs:44:33
   |
44 |             actors: RwLock::new(HashMap::new()),
   |                                 ^^^^^^^ use of undeclared type `HashMap`
   |
help: consider importing this struct
   |
 2 + use std::collections::HashMap;
   |

error[E0433]: failed to resolve: use of undeclared type `HashMap`
  --> pulse_runtime\src\runtime.rs:45:35
   |
45 |             registry: RwLock::new(HashMap::new()),
   |                                   ^^^^^^^ use of undeclared type `HashMap`
   |
help: consider importing this struct
   |
 2 + use std::collections::HashMap;
   |

error[E0433]: failed to resolve: use of undeclared type `HashMap`
  --> pulse_runtime\src\runtime.rs:46:32
   |
46 |             peers: RwLock::new(HashMap::new()),
   |                                ^^^^^^^ use of undeclared type `HashMap`
   |
help: consider importing this struct
   |
 2 + use std::collections::HashMap;
   |

error[E0433]: failed to resolve: use of undeclared type `HashMap`
  --> pulse_runtime\src\runtime.rs:77:33
   |
77 |             actors: RwLock::new(HashMap::new()),
   |                                 ^^^^^^^ use of undeclared type `HashMap`
   |
help: consider importing this struct
   |
 2 + use std::collections::HashMap;
   |

error[E0433]: failed to resolve: use of undeclared type `HashMap`
  --> pulse_runtime\src\runtime.rs:78:35
   |
78 |             registry: RwLock::new(HashMap::new()),
   |                                   ^^^^^^^ use of undeclared type `HashMap`
   |
help: consider importing this struct
   |
 2 + use std::collections::HashMap;
   |

error[E0433]: failed to resolve: use of undeclared type `HashMap`
  --> pulse_runtime\src\runtime.rs:79:32
   |
79 |             peers: RwLock::new(HashMap::new()),
   |                                ^^^^^^^ use of undeclared type `HashMap`
   |
help: consider importing this struct
   |
 2 + use std::collections::HashMap;
   |

warning: unused import: `std::collections::VecDeque`
 --> pulse_runtime\src\mailbox.rs:3:5
  |
3 | use std::collections::VecDeque;
  |     ^^^^^^^^^^^^^^^^^^^^^^^^^^
  |
  = note: `#[warn(unused_imports)]` (part of `#[warn(unused)]`) on by default

warning: unused import: `TcpListener`
 --> pulse_runtime\src\runtime.rs:4:18
  |
4 | use tokio::net::{TcpListener, TcpStream};
  |                  ^^^^^^^^^^^

warning: unused imports: `Constant` and `Value`
 --> pulse_runtime\src\runtime.rs:7:52
  |
7 | use pulse_core::{ActorId, PulseError, PulseResult, Value, Chunk, Constant};
  |                                                    ^^^^^         ^^^^^^^^

warning: unused import: `Closure`
 --> pulse_runtime\src\runtime.rs:8:45
  |
8 | use pulse_core::object::{Object, ObjHandle, Closure};
  |                                             ^^^^^^^

warning: unused import: `ActorStatus`
  --> pulse_runtime\src\runtime.rs:10:27
   |
10 | use crate::actor::{Actor, ActorStatus};
   |                           ^^^^^^^^^^^

error[E0282]: type annotations needed
   --> pulse_runtime\src\runtime.rs:117:17
    |
117 |             let mut actors = self.state.actors.write().await;
    |                 ^^^^^^^^^^
118 |             actors.insert(pid, tx);
    |             ------ type must be known at this point
    |
help: consider giving `actors` an explicit type
    |
117 |             let mut actors: /* Type */ = self.state.actors.write().await;
    |                           ++++++++++++

error[E0282]: type annotations needed
   --> pulse_runtime\src\runtime.rs:138:17
    |
138 |             let mut actors = state.actors.write().await;
    |                 ^^^^^^^^^^
139 |             actors.remove(&pid);
    |             ------ type must be known at this point
    |
help: consider giving `actors` an explicit type
    |
138 |             let mut actors: /* Type */ = state.actors.write().await;
    |                           ++++++++++++

error[E0282]: type annotations needed
   --> pulse_runtime\src\runtime.rs:147:17
    |
147 |             let actors = self.state.actors.read().await;
    |                 ^^^^^^
148 |             if let Some(tx) = actors.get(&target) {
    |                               ------ type must be known at this point
    |
help: consider giving `actors` an explicit type
    |
147 |             let actors: /* Type */ = self.state.actors.read().await;
    |                       ++++++++++++

error[E0282]: type annotations needed
   --> pulse_runtime\src\runtime.rs:149:17
    |
149 |                 tx.send(msg).map_err(|_| PulseError::ActorNotFound(target))?;
    |                 ^^ cannot infer type

error[E0282]: type annotations needed
   --> pulse_runtime\src\runtime.rs:162:13
    |
162 |         let peers = self.state.peers.read().await;
    |             ^^^^^
163 |         
164 |         if let Some(tx) = peers.get(&target.node_id) {
    |                           ----- type must be known at this point
    |
help: consider giving `peers` an explicit type
    |
162 |         let peers: /* Type */ = self.state.peers.read().await;
    |                  ++++++++++++

error[E0282]: type annotations needed
   --> pulse_runtime\src\runtime.rs:165:13
    |
165 |             tx.send(envelope).map_err(|e| PulseError::RuntimeError(format!("Failed to send to 
network task: {}", e)))?;
    |             ^^ cannot infer type

error[E0282]: type annotations needed
   --> pulse_runtime\src\runtime.rs:173:13
    |
173 |         let mut registry = self.state.registry.write().await;
    |             ^^^^^^^^^^^^
174 |         if registry.contains_key(&name) {
    |            -------- type must be known at this point
    |
help: consider giving `registry` an explicit type
    |
173 |         let mut registry: /* Type */ = self.state.registry.write().await;
    |                         ++++++++++++

error[E0282]: type annotations needed
   --> pulse_runtime\src\runtime.rs:183:13
    |
183 |         let mut registry = self.state.registry.write().await;
    |             ^^^^^^^^^^^^
184 |         registry.remove(name);
    |         -------- type must be known at this point
    |
help: consider giving `registry` an explicit type
    |
183 |         let mut registry: /* Type */ = self.state.registry.write().await;
    |                         ++++++++++++

error[E0282]: type annotations needed
   --> pulse_runtime\src\runtime.rs:188:13
    |
188 |         let registry = self.state.registry.read().await;
    |             ^^^^^^^^
189 |         registry.get(name).cloned()
    |         -------- type must be known at this point
    |
help: consider giving `registry` an explicit type
    |
188 |         let registry: /* Type */ = self.state.registry.read().await;
    |                     ++++++++++++

error[E0282]: type annotations needed
   --> pulse_runtime\src\runtime.rs:202:17
    |
202 |             let mut actors = self.state.actors.write().await;
    |                 ^^^^^^^^^^
203 |             actors.remove(&pid);
    |             ------ type must be known at this point
    |
help: consider giving `actors` an explicit type
    |
202 |             let mut actors: /* Type */ = self.state.actors.write().await;
    |                           ++++++++++++

error[E0282]: type annotations needed
   --> pulse_runtime\src\runtime.rs:226:17
    |
226 |             let mut peers = self.state.peers.write().await;
    |                 ^^^^^^^^^
227 |             peers.insert(node_id, tx);
    |             ----- type must be known at this point
    |
help: consider giving `peers` an explicit type
    |
226 |             let mut peers: /* Type */ = self.state.peers.write().await;
    |                          ++++++++++++

error[E0308]: mismatched types
   --> pulse_runtime\src\actor.rs:193:65
    |
193 |                 let h = self.vm.heap.alloc(Object::SharedMemory(sm));
    |                                            -------------------- ^^ expected `SharedMemory`, 
found `PulseSharedMemory`
    |                                            |
    |                                            arguments to this enum variant are incorrect
    |
note: tuple variant defined here
   --> C:\Users\Kuntal\Documents\Pulse\pulse_lang\pulse_core\src\object.rs:46:5
    |
 46 |     SharedMemory(SharedMemory),
    |     ^^^^^^^^^^^^

error[E0308]: mismatched types
  --> pulse_runtime\src\stdlib.rs:32:53
   |
32 |     let native = NativeFn { name: name.to_string(), func };
   |                                                     ^^^^ expected `NativeFunctionKind`, found fn 
pointer
   |
   = note:    expected enum `NativeFunctionKind`
           found fn pointer `for<'a, 'b> fn(&'a mut (dyn HeapInterface + 'a), &'b [Value]) -> 
Result<Value, PulseError>`
help: try wrapping the expression in `pulse_core::value::NativeFunctionKind::Sync`
   |
32 |     let native = NativeFn { name: name.to_string(), func: 
pulse_core::value::NativeFunctionKind::Sync(func) };
   |                                                     
++++++++++++++++++++++++++++++++++++++++++++++++++    +

warning: unused variable: `pid`
   --> pulse_runtime\src\actor.rs:151:42
    |
151 |                      SystemMessage::Exit(pid, reason) => {
    |                                          ^^^ help: if this is intentional, prefix it with an 
underscore: `_pid`
    |
    = note: `#[warn(unused_variables)]` (part of `#[warn(unused)]`) on by default

warning: unused variable: `reason`
   --> pulse_runtime\src\actor.rs:151:47
    |
151 |                      SystemMessage::Exit(pid, reason) => {
    |                                               ^^^^^^ help: if this is intentional, prefix it 
with an underscore: `_reason`

Some errors have detailed explanations: E0282, E0308, E0425, E0433.
For more information about an error, try `rustc --explain E0282`.
warning: `pulse_runtime` (lib) generated 7 warnings
error: could not compile `pulse_runtime` (lib) due to 22 previous errors; 7 warnings emitted
