cargo :     Finished `dev` profile [unoptimized + debuginfo] target(s) in 0.13s
At line:1 char:1
+ cargo run -p pulse_cli -- run tests/data_structures_test.pulse > test ...
+ ~~~~~~~~~~~~~~~~~~~~~~~~~~~~~~~~~~~~~~~~~~~~~~~~~~~~~~~~~~~~~~~~~~~~~
    + CategoryInfo          : NotSpecified: (    Finished `d...get(s) in 0.13s:String) [], RemoteExcep 
   tion
    + FullyQualifiedErrorId : NativeCommandError
 
     Running `target\debug\pulse_cli.exe run tests/data_structures_test.pulse`
--- Pulse Language v0.1 ---
Running: tests/data_structures_test.pulse

Running scheduler...
=== Starting Data Structures Test ===

--- Testing Lists ---
PASS: List length should be 3
PASS: Index 0 should be 1
PASS: Index 2 should be 3
PASS: List length after push should be 4
PASS: Pushed element should be 4
PASS: Popped value should be 4
PASS: List length after pop should be 3
Testing Nested Lists...
PASS: Nested list length should be 2
PASS: Nested [0][0] should be 1
PASS: Mixed[0] is int
PASS: Mixed[1] is string

--- Testing Maps ---
PASS: Map get key1
PASS: Map get key2
PASS: Map set key3
PASS: Map length should be 3
PASS: Missing key should return Unit/Nil

--- Testing Sets ---

Runtime Error: Type mismatch: expected collection, got other
error: process didn't exit successfully: `target\debug\pulse_cli.exe run 
tests/data_structures_test.pulse` (exit code: 1)
