warning: unused import: `std::collections::VecDeque`
 --> pulse_runtime\src\mailbox.rs:3:5
  |
3 | use std::collections::VecDeque;
  |     ^^^^^^^^^^^^^^^^^^^^^^^^^^
  |
  = note: `#[warn(unused_imports)]` (part of `#[warn(unused)]`) on by default

warning: unused import: `HashSet`
 --> pulse_runtime\src\runtime.rs:2:33
  |
2 | use std::collections::{HashMap, HashSet};
  |                                 ^^^^^^^

warning: unused import: `TcpListener`
 --> pulse_runtime\src\runtime.rs:5:18
  |
5 | use tokio::net::{TcpListener, TcpStream};
  |                  ^^^^^^^^^^^

warning: unused imports: `Constant` and `Value`
 --> pulse_runtime\src\runtime.rs:8:52
  |
8 | use pulse_core::{ActorId, PulseError, PulseResult, Value, Chunk, Constant};
  |                                                    ^^^^^         ^^^^^^^^

warning: unused import: `Closure`
 --> pulse_runtime\src\runtime.rs:9:45
  |
9 | use pulse_core::object::{Object, ObjHandle, Closure};
  |                                             ^^^^^^^

warning: unused import: `ActorStatus`
  --> pulse_runtime\src\runtime.rs:11:27
   |
11 | use crate::actor::{Actor, ActorStatus};
   |                           ^^^^^^^^^^^

warning: unused import: `HeapInterface`
 --> pulse_runtime\src\stdlib.rs:3:34
  |
3 | use pulse_core::object::{Object, HeapInterface};
  |                                  ^^^^^^^^^^^^^

warning: unused variable: `reason`
   --> pulse_runtime\src\runtime.rs:201:44
    |
201 |     pub async fn exit(&self, pid: ActorId, reason: String) {
    |                                            ^^^^^^ help: if this is intentional, prefix it with an underscore: `_reason`
    |
    = note: `#[warn(unused_variables)]` (part of `#[warn(unused)]`) on by default

warning: unused variable: `pid`
   --> pulse_runtime\src\actor.rs:153:42
    |
153 |                      SystemMessage::Exit(pid, reason) => {
    |                                          ^^^ help: if this is intentional, prefix it with an underscore: `_pid`

warning: unused variable: `reason`
   --> pulse_runtime\src\actor.rs:153:47
    |
153 |                      SystemMessage::Exit(pid, reason) => {
    |                                               ^^^^^^ help: if this is intentional, prefix it with an underscore: `_reason`

warning: `pulse_runtime` (lib) generated 10 warnings (run `cargo fix --lib -p pulse_runtime` to apply 10 suggestions)
warning: unused import: `pulse_core::Chunk`
 --> pulse_cli\src\main.rs:4:5
  |
4 | use pulse_core::Chunk;
  |     ^^^^^^^^^^^^^^^^^
  |
  = note: `#[warn(unused_imports)]` (part of `#[warn(unused)]`) on by default

warning: unused import: `pulse_core::Value`
 --> pulse_cli\src\main.rs:6:5
  |
6 | use pulse_core::Value;
  |     ^^^^^^^^^^^^^^^^^

warning: unused variable: `path`
   --> pulse_cli\src\main.rs:215:17
    |
215 | fn init_project(path: Option<PathBuf>, name: Option<String>) {
    |                 ^^^^ help: if this is intentional, prefix it with an underscore: `_path`
    |
    = note: `#[warn(unused_variables)]` (part of `#[warn(unused)]`) on by default

warning: unused variable: `name`
   --> pulse_cli\src\main.rs:215:40
    |
215 | fn init_project(path: Option<PathBuf>, name: Option<String>) {
    |                                        ^^^^ help: if this is intentional, prefix it with an underscore: `_name`

warning: unused variable: `source`
   --> pulse_cli\src\main.rs:227:18
    |
227 | fn generate_docs(source: Option<PathBuf>, output: Option<PathBuf>) {
    |                  ^^^^^^ help: if this is intentional, prefix it with an underscore: `_source`

warning: unused variable: `output`
   --> pulse_cli\src\main.rs:227:43
    |
227 | fn generate_docs(source: Option<PathBuf>, output: Option<PathBuf>) {
    |                                           ^^^^^^ help: if this is intentional, prefix it with an underscore: `_output`

warning: `pulse_cli` (bin "pulse_cli") generated 6 warnings (run `cargo fix --bin "pulse_cli" -p pulse_cli` to apply 6 suggestions)
    Finished `dev` profile [unoptimized + debuginfo] target(s) in 0.37s
     Running `target\debug\pulse_cli.exe tests/tcp_server.pulse`
error: unrecognized subcommand 'tests/tcp_server.pulse'

  tip: a similar subcommand exists: 'test'

Usage: pulse_cli.exe [COMMAND]

For more information, try '--help'.
error: process didn't exit successfully: `target\debug\pulse_cli.exe tests/tcp_server.pulse` (exit code: 2)
